[INFO] Analyzing clustering results for: kmeans (results will be saved in /home/rubesh/Desktop/sweta/google_review_collection_POI_task/singapore_foursquare_dataset_analysis/Code_Freeze_Changes/c2_Clustering_and_Analysis/c2_post_clustering_analysis/c1_output/kmeans)

[INFO] Cluster size distribution:
Cluster 0: 99 users (5.0%)
Cluster 1: 9 users (0.4%)
Cluster 2: 52 users (2.6%)
Cluster 3: 191 users (9.6%)
Cluster 4: 60 users (3.0%)
Cluster 5: 65 users (3.2%)
Cluster 6: 98 users (4.9%)
Cluster 7: 23 users (1.1%)
Cluster 8: 100 users (5.0%)
Cluster 9: 170 users (8.5%)
Cluster 10: 100 users (5.0%)
Cluster 11: 64 users (3.2%)
Cluster 12: 38 users (1.9%)
Cluster 13: 123 users (6.2%)
Cluster 14: 43 users (2.1%)
Cluster 15: 73 users (3.6%)
Cluster 16: 120 users (6.0%)
Cluster 17: 64 users (3.2%)
Cluster 18: 77 users (3.9%)
Cluster 19: 431 users (21.6%)
user_ids length: 2000
labels length: 2000

[INFO] Saved user-cluster mapping to /home/rubesh/Desktop/sweta/google_review_collection_POI_task/singapore_foursquare_dataset_analysis/Code_Freeze_Changes/c2_Clustering_and_Analysis/c2_post_clustering_analysis/c1_output/kmeans/user_cluster_mapping.csv

[INFO] Analyzing POI category distribution by cluster for kmeans...
[INFO] Saved POI category-by-cluster table to /home/rubesh/Desktop/sweta/google_review_collection_POI_task/singapore_foursquare_dataset_analysis/Code_Freeze_Changes/c2_Clustering_and_Analysis/c2_post_clustering_analysis/c1_output/kmeans/poi_category_by_cluster.csv
[INFO] Saved POI category-by-cluster heatmap to /home/rubesh/Desktop/sweta/google_review_collection_POI_task/singapore_foursquare_dataset_analysis/Code_Freeze_Changes/c2_Clustering_and_Analysis/c2_post_clustering_analysis/c1_output/kmeans/poi_category_by_cluster_heatmap.png
[INFO] Analyzing cluster quality...
[INFO] Total number of users: 200
[INFO] Processing user vectors...
[INFO] Performing dimensionality reduction...
[INFO] Explained variance ratio: 0.8939
[INFO] Scaling features...
[INFO] Selecting features with high variance...
[INFO] Final processed shape: (200, 100)

[INFO] Calculating clustering metrics...

Clustering Quality Metrics:
Silhouette Score: -0.1072 (range: [-1, 1], higher is better)
Calinski-Harabasz Score: 1.3563 (higher is better)
Davies-Bouldin Score: 4.0503 (lower is better)

[INFO] Cluster size distribution:
Cluster 0: 7 users (3.5%)
Cluster 2: 4 users (2.0%)
Cluster 3: 18 users (9.0%)
Cluster 4: 6 users (3.0%)
Cluster 5: 6 users (3.0%)
Cluster 6: 14 users (7.0%)
Cluster 7: 3 users (1.5%)
Cluster 8: 12 users (6.0%)
Cluster 9: 16 users (8.0%)
Cluster 10: 11 users (5.5%)
Cluster 11: 6 users (3.0%)
Cluster 12: 3 users (1.5%)
Cluster 13: 14 users (7.0%)
Cluster 14: 5 users (2.5%)
Cluster 15: 8 users (4.0%)
Cluster 16: 10 users (5.0%)
Cluster 17: 9 users (4.5%)
Cluster 18: 6 users (3.0%)
Cluster 19: 42 users (21.0%)

[INFO] Clustering quality metrics (sample of 100 users) for kmeans:
silhouette: -0.10716676376912662
calinski: 1.356296835415519
davies: 4.0502633182209
cluster_sizes: [7, 4, 18, 6, 6, 14, 3, 12, 16, 11, 6, 3, 14, 5, 8, 10, 9, 6, 42]
size_std: 8.561655158797961
size_ratio: 14.0
[INFO] Saved batchwise PCA scatter plot to /home/rubesh/Desktop/sweta/google_review_collection_POI_task/singapore_foursquare_dataset_analysis/Code_Freeze_Changes/c2_Clustering_and_Analysis/c2_post_clustering_analysis/c1_output/kmeans/cluster_scatter.png
[INFO] Batch-wise post-clustering analysis complete!
