[INFO] Analyzing clustering results for: kmeans (results will be saved in C:\Users\admin\Desktop\sweta\MPS_syn_data_gen\singapore_foursquare_dataset\synthetic_data_v2\c2_Clustering_and_Analysis\post_clustering_analysis\output\kmeans)

[INFO] Cluster size distribution:
Cluster 0: 99 users (16.5%)
Cluster 1: 53 users (8.8%)
Cluster 2: 38 users (6.3%)
Cluster 3: 7 users (1.2%)
Cluster 4: 42 users (7.0%)
Cluster 5: 21 users (3.5%)
Cluster 6: 4 users (0.7%)
Cluster 7: 36 users (6.0%)
Cluster 8: 34 users (5.7%)
Cluster 9: 54 users (9.0%)
Cluster 10: 43 users (7.2%)
Cluster 11: 40 users (6.7%)
Cluster 12: 4 users (0.7%)
Cluster 13: 33 users (5.5%)
Cluster 14: 52 users (8.7%)
Cluster 15: 24 users (4.0%)
Cluster 16: 43 users (7.2%)
Cluster 17: 11 users (1.8%)
Cluster 18: 41 users (6.8%)
Cluster 19: 21 users (3.5%)
user_ids length: 601
labels length: 700

[ERROR] Post-clustering analysis failed: All arrays must be of the same length
Traceback (most recent call last):
  File "C:\Users\admin\Desktop\sweta\MPS_syn_data_gen\singapore_foursquare_dataset\synthetic_data_v2\c2_Clustering_and_Analysis\post_clustering_analysis\post_clustering_analysis.py", line 253, in Post_Clustering
    user_cluster_df = pd.DataFrame({'user_id': user_ids, 'cluster': labels})
                      ^^^^^^^^^^^^^^^^^^^^^^^^^^^^^^^^^^^^^^^^^^^^^^^^^^^^^^
  File "C:\Users\admin\Desktop\sweta\MPS_syn_data_gen\singapore_foursquare_dataset\code_venv\Lib\site-packages\pandas\core\frame.py", line 782, in __init__
    mgr = dict_to_mgr(data, index, columns, dtype=dtype, copy=copy, typ=manager)
          ^^^^^^^^^^^^^^^^^^^^^^^^^^^^^^^^^^^^^^^^^^^^^^^^^^^^^^^^^^^^^^^^^^^^^^
  File "C:\Users\admin\Desktop\sweta\MPS_syn_data_gen\singapore_foursquare_dataset\code_venv\Lib\site-packages\pandas\core\internals\construction.py", line 503, in dict_to_mgr
    return arrays_to_mgr(arrays, columns, index, dtype=dtype, typ=typ, consolidate=copy)
           ^^^^^^^^^^^^^^^^^^^^^^^^^^^^^^^^^^^^^^^^^^^^^^^^^^^^^^^^^^^^^^^^^^^^^^^^^^^^^
  File "C:\Users\admin\Desktop\sweta\MPS_syn_data_gen\singapore_foursquare_dataset\code_venv\Lib\site-packages\pandas\core\internals\construction.py", line 114, in arrays_to_mgr
    index = _extract_index(arrays)
            ^^^^^^^^^^^^^^^^^^^^^^
  File "C:\Users\admin\Desktop\sweta\MPS_syn_data_gen\singapore_foursquare_dataset\code_venv\Lib\site-packages\pandas\core\internals\construction.py", line 677, in _extract_index
    raise ValueError("All arrays must be of the same length")
ValueError: All arrays must be of the same length
[INFO] Analyzing clustering results for: kmeans (results will be saved in C:\Users\admin\Desktop\sweta\MPS_syn_data_gen\singapore_foursquare_dataset\synthetic_data_v2\c2_Clustering_and_Analysis\post_clustering_analysis\output\kmeans)

[INFO] Cluster size distribution:
Cluster 0: 0 users (0.0%)
Cluster 1: 53 users (8.8%)
Cluster 2: 38 users (6.3%)
Cluster 3: 7 users (1.2%)
Cluster 4: 42 users (7.0%)
Cluster 5: 21 users (3.5%)
Cluster 6: 4 users (0.7%)
Cluster 7: 36 users (6.0%)
Cluster 8: 34 users (5.7%)
Cluster 9: 54 users (9.0%)
Cluster 10: 43 users (7.2%)
Cluster 11: 40 users (6.7%)
Cluster 12: 4 users (0.7%)
Cluster 13: 33 users (5.5%)
Cluster 14: 52 users (8.7%)
Cluster 15: 24 users (4.0%)
Cluster 16: 43 users (7.2%)
Cluster 17: 11 users (1.8%)
Cluster 18: 41 users (6.8%)
user_ids length: 601
labels length: 601

[INFO] Saved user-cluster mapping to C:\Users\admin\Desktop\sweta\MPS_syn_data_gen\singapore_foursquare_dataset\synthetic_data_v2\c2_Clustering_and_Analysis\post_clustering_analysis\output\kmeans\user_cluster_mapping.csv

[INFO] Analyzing POI category distribution by cluster for kmeans...
[INFO] Saved POI category-by-cluster table to C:\Users\admin\Desktop\sweta\MPS_syn_data_gen\singapore_foursquare_dataset\synthetic_data_v2\c2_Clustering_and_Analysis\post_clustering_analysis\output\kmeans\poi_category_by_cluster.csv
[INFO] Saved POI category-by-cluster heatmap to C:\Users\admin\Desktop\sweta\MPS_syn_data_gen\singapore_foursquare_dataset\synthetic_data_v2\c2_Clustering_and_Analysis\post_clustering_analysis\output\kmeans\poi_category_by_cluster_heatmap.png
[WARNING] Could not compute clustering quality metrics for kmeans: Unable to allocate 87.9 GiB for an array with shape (100, 117936000) and data type float64
[WARNING] Could not create batchwise PCA scatter plot for kmeans: Unable to allocate 87.9 GiB for an array with shape (100, 117936000) and data type float64
[INFO] Batch-wise post-clustering analysis complete!
