User ID: user_id
{
  "user_id": "user_id",
  "user_summary": {
    "poi_preferences": {
      "poiId": {
        "name": "POI Name",
        "category": "POI Category",
        "rating": 4.5
      }
    },
    "frequent_areas": [
      {
        "area_name": "Area Name",
        "num_checkins": 10
      },
      {
        "area_name": "Another Area Name",
        "num_checkins": 5
      }
    ],
    "persona_characteristics": {
      "weekday_preferences": {
        "Monday": {
          "num_checkins": 2,
          "average_rating": 4.2
        },
        "Tuesday": {
          "num_checkins": 3,
          "average_rating": 4.5
        }
      },
      "time_preferences": {
        "morning": {
          "num_checkins": 5,
          "average_rating": 4.7
        },
        "afternoon": {
          "num_checkins": 3,
          "average_rating": 4.4
        }
      }
    }
  }
}

Example:
{
  "user_id": "12345",
  "user_summary": {
    "poi_preferences": {
      "ChIJN1tRzQ6dkgMQRzWXrTW5w": {
        "name": "Starbucks",
        "category": "Cafe",
        "rating": 4.8
      },
      "ChIJN1tRzQ6dkgMQRzWXrTW5w_2": {
        "name": "McDonald's",
        "category": "Fast food",
        "rating": 4.2
      }
    },
    "frequent_areas": [
      {
        "area_name": "Downtown",


User ID: 203821
{
  "user_id": 203821,
  "user_summary": {
    "preferences": {
      "POI-11": true
    },
    "weekly_pattern": {
      "Tue": {
        "POI-11": true
      }
    },
    "time_pattern": {
      "19:51:02": true
    }
  },
  "poi_preferences": {
    "POI-11": true
  }
}

